  silnik.cpp
C:\projects\University_platformer\silnik.cpp(148,32): warning C4244: "argument": konwersja z "int" do "float", możliwa utrata danych
C:\projects\University_platformer\silnik.cpp(148,22): warning C4244: "argument": konwersja z "int" do "float", możliwa utrata danych
C:\projects\University_platformer\silnik.cpp(186,103): warning C4244: "argument": konwersja z "int" do "T", możliwa utrata danych
C:\projects\University_platformer\silnik.cpp(186,103): warning C4244:         with
C:\projects\University_platformer\silnik.cpp(186,103): warning C4244:         [
C:\projects\University_platformer\silnik.cpp(186,103): warning C4244:             T=float
C:\projects\University_platformer\silnik.cpp(186,103): warning C4244:         ]
C:\projects\University_platformer\silnik.cpp(186,87): warning C4244: "argument": konwersja z "int" do "T", możliwa utrata danych
C:\projects\University_platformer\silnik.cpp(186,87): warning C4244:         with
C:\projects\University_platformer\silnik.cpp(186,87): warning C4244:         [
C:\projects\University_platformer\silnik.cpp(186,87): warning C4244:             T=float
C:\projects\University_platformer\silnik.cpp(186,87): warning C4244:         ]
C:\projects\University_platformer\silnik.cpp(190,96): warning C4244: "argument": konwersja z "int" do "T", możliwa utrata danych
C:\projects\University_platformer\silnik.cpp(190,96): warning C4244:         with
C:\projects\University_platformer\silnik.cpp(190,96): warning C4244:         [
C:\projects\University_platformer\silnik.cpp(190,96): warning C4244:             T=float
C:\projects\University_platformer\silnik.cpp(190,96): warning C4244:         ]
C:\projects\University_platformer\silnik.cpp(190,85): warning C4244: "argument": konwersja z "int" do "T", możliwa utrata danych
C:\projects\University_platformer\silnik.cpp(190,85): warning C4244:         with
C:\projects\University_platformer\silnik.cpp(190,85): warning C4244:         [
C:\projects\University_platformer\silnik.cpp(190,85): warning C4244:             T=float
C:\projects\University_platformer\silnik.cpp(190,85): warning C4244:         ]
C:\projects\University_platformer\silnik.cpp(203,11): warning C4244: "inicjowanie": konwersja z "T" do "float", możliwa utrata danych
C:\projects\University_platformer\silnik.cpp(203,11): warning C4244:         with
C:\projects\University_platformer\silnik.cpp(203,11): warning C4244:         [
C:\projects\University_platformer\silnik.cpp(203,11): warning C4244:             T=unsigned int
C:\projects\University_platformer\silnik.cpp(203,11): warning C4244:         ]
C:\projects\University_platformer\silnik.cpp(204,11): warning C4244: "inicjowanie": konwersja z "T" do "float", możliwa utrata danych
C:\projects\University_platformer\silnik.cpp(204,11): warning C4244:         with
C:\projects\University_platformer\silnik.cpp(204,11): warning C4244:         [
C:\projects\University_platformer\silnik.cpp(204,11): warning C4244:             T=unsigned int
C:\projects\University_platformer\silnik.cpp(204,11): warning C4244:         ]
C:\projects\University_platformer\silnik.cpp(218,31): warning C4244: "argument": konwersja z "int" do "float", możliwa utrata danych
C:\projects\University_platformer\silnik.cpp(218,22): warning C4244: "argument": konwersja z "int" do "float", możliwa utrata danych
C:\projects\University_platformer\silnik.cpp(230,22): warning C4244: "argument": konwersja z "int" do "float", możliwa utrata danych
C:\projects\University_platformer\silnik.cpp(236,30): warning C4244: "argument": konwersja z "int" do "float", możliwa utrata danych
C:\projects\University_platformer\silnik.cpp(248,56): warning C4244: "argument": konwersja z "int" do "float", możliwa utrata danych
C:\projects\University_platformer\silnik.cpp(248,34): warning C4244: "argument": konwersja z "int" do "float", możliwa utrata danych
C:\projects\University_platformer\silnik.cpp(252,58): warning C4244: "argument": konwersja z "int" do "float", możliwa utrata danych
C:\projects\University_platformer\silnik.cpp(252,34): warning C4244: "argument": konwersja z "int" do "float", możliwa utrata danych
C:\projects\University_platformer\silnik.cpp(266,23): warning C4244: "argument": konwersja z "int" do "float", możliwa utrata danych
C:\projects\University_platformer\silnik.cpp(269,23): warning C4244: "argument": konwersja z "int" do "float", możliwa utrata danych
C:\projects\University_platformer\silnik.cpp(273,22): warning C4244: "argument": konwersja z "int" do "float", możliwa utrata danych
C:\projects\University_platformer\silnik.cpp(279,31): warning C4244: "argument": konwersja z "int" do "float", możliwa utrata danych
C:\projects\University_platformer\silnik.cpp(279,22): warning C4244: "argument": konwersja z "int" do "float", możliwa utrata danych
C:\projects\University_platformer\silnik.cpp(288,30): warning C4244: "argument": konwersja z "int" do "float", możliwa utrata danych
C:\projects\University_platformer\silnik.cpp(288,22): warning C4244: "argument": konwersja z "int" do "float", możliwa utrata danych
C:\projects\University_platformer\silnik.cpp(300,33): warning C4244: "argument": konwersja z "int" do "float", możliwa utrata danych
C:\projects\University_platformer\silnik.cpp(313,11): warning C4244: "inicjowanie": konwersja z "T" do "float", możliwa utrata danych
C:\projects\University_platformer\silnik.cpp(313,11): warning C4244:         with
C:\projects\University_platformer\silnik.cpp(313,11): warning C4244:         [
C:\projects\University_platformer\silnik.cpp(313,11): warning C4244:             T=unsigned int
C:\projects\University_platformer\silnik.cpp(313,11): warning C4244:         ]
C:\projects\University_platformer\silnik.cpp(314,11): warning C4244: "inicjowanie": konwersja z "T" do "float", możliwa utrata danych
C:\projects\University_platformer\silnik.cpp(314,11): warning C4244:         with
C:\projects\University_platformer\silnik.cpp(314,11): warning C4244:         [
C:\projects\University_platformer\silnik.cpp(314,11): warning C4244:             T=unsigned int
C:\projects\University_platformer\silnik.cpp(314,11): warning C4244:         ]
C:\projects\University_platformer\silnik.cpp(323,27): warning C4244: "argument": konwersja z "int" do "float", możliwa utrata danych
C:\projects\University_platformer\silnik.cpp(359,34): warning C4244: "argument": konwersja z "int" do "float", możliwa utrata danych
C:\projects\University_platformer\silnik.cpp(359,23): warning C4244: "argument": konwersja z "int" do "float", możliwa utrata danych
C:\projects\University_platformer\silnik.cpp(392,48): warning C4244: "argument": konwersja z "int" do "float", możliwa utrata danych
C:\projects\University_platformer\silnik.cpp(392,28): warning C4244: "argument": konwersja z "int" do "float", możliwa utrata danych
C:\projects\University_platformer\silnik.cpp(487,15): warning C4305: "argument": obcięcie z "double" do "float"
C:\projects\University_platformer\silnik.cpp(689,35): warning C4244: "=": konwersja z "T" do "int", możliwa utrata danych
C:\projects\University_platformer\silnik.cpp(689,35): warning C4244:         with
C:\projects\University_platformer\silnik.cpp(689,35): warning C4244:         [
C:\projects\University_platformer\silnik.cpp(689,35): warning C4244:             T=float
C:\projects\University_platformer\silnik.cpp(689,35): warning C4244:         ]
C:\projects\University_platformer\silnik.cpp(696,35): warning C4244: "=": konwersja z "T" do "int", możliwa utrata danych
C:\projects\University_platformer\silnik.cpp(696,35): warning C4244:         with
C:\projects\University_platformer\silnik.cpp(696,35): warning C4244:         [
C:\projects\University_platformer\silnik.cpp(696,35): warning C4244:             T=float
C:\projects\University_platformer\silnik.cpp(696,35): warning C4244:         ]
C:\projects\University_platformer\silnik.cpp(703,35): warning C4244: "=": konwersja z "T" do "int", możliwa utrata danych
C:\projects\University_platformer\silnik.cpp(703,35): warning C4244:         with
C:\projects\University_platformer\silnik.cpp(703,35): warning C4244:         [
C:\projects\University_platformer\silnik.cpp(703,35): warning C4244:             T=float
C:\projects\University_platformer\silnik.cpp(703,35): warning C4244:         ]
C:\projects\University_platformer\silnik.cpp(710,35): warning C4244: "=": konwersja z "T" do "int", możliwa utrata danych
C:\projects\University_platformer\silnik.cpp(710,35): warning C4244:         with
C:\projects\University_platformer\silnik.cpp(710,35): warning C4244:         [
C:\projects\University_platformer\silnik.cpp(710,35): warning C4244:             T=float
C:\projects\University_platformer\silnik.cpp(710,35): warning C4244:         ]
  University_platformer.vcxproj -> C:\projects\University_platformer\x64\Debug\University_platformer.exe
